// Jest Snapshot v1, https://goo.gl/fbAQLP

exports[`TOC renders correctly with categories 1`] = `
<div
  className="sc-bxivhb kiRNxH"
>
  <a
    className="sc-bwzfXH eevfLr"
    href="/about_trusting_social/"
    level={1}
    onClick={[Function]}
    title="Introduction"
  >
    <span
      className="sc-htpNat eqFeY"
    >
      Introduction
    </span>
    <svg
      className="sc-bdVaJa jjLnhl"
      fill="currentColor"
      height="1em"
      stroke="currentColor"
      strokeWidth="0"
      style={
        Object {
          "color": undefined,
        }
      }
      viewBox="0 0 24 24"
      width="1em"
      xmlns="http://www.w3.org/2000/svg"
    >
      <path
        d="M10 6L8.59 7.41 13.17 12l-4.58 4.59L10 18l6-6z"
      />
    </svg>
  </a>
  <a
    className="sc-bwzfXH dZqHTV"
    href="/about_trusting_social/#about-trusting-social"
    level={2}
    onClick={[Function]}
    title="About Trusting Social"
  >
    <span
      className="sc-htpNat cIuRgo"
    >
      About Trusting Social
    </span>
  </a>
  <a
    className="sc-bwzfXH dZqHTV"
    href="/about_trusting_social/#about-the-credit-insight-service"
    level={2}
    onClick={[Function]}
    title="About the Credit Insight Service"
  >
    <span
      className="sc-htpNat cIuRgo"
    >
      About the Credit Insight Service
    </span>
  </a>
  <a
    className="sc-bwzfXH dZqHTV"
    href="/about_trusting_social/#encryption-policy"
    level={2}
    onClick={[Function]}
    title="Encryption Policy"
  >
    <span
      className="sc-htpNat cIuRgo"
    >
      Encryption Policy
    </span>
  </a>
  <a
    className="sc-bwzfXH igNvNI"
    href="/about_trusting_social/#encrypting-the-credit-insight"
    level={3}
    onClick={[Function]}
    title="Encrypting the Credit Insight"
  >
    <span
      className="sc-htpNat cIuRgo"
    >
      Encrypting the Credit Insight
    </span>
  </a>
  <a
    className="sc-bwzfXH eevfLr"
    href="/demo/"
    level={1}
    onClick={[Function]}
    title="Demo"
  >
    <span
      className="sc-htpNat eqFeY"
    >
      Demo
    </span>
    <svg
      className="sc-bdVaJa jjLnhl"
      fill="currentColor"
      height="1em"
      stroke="currentColor"
      strokeWidth="0"
      style={
        Object {
          "color": undefined,
        }
      }
      viewBox="0 0 24 24"
      width="1em"
      xmlns="http://www.w3.org/2000/svg"
    >
      <path
        d="M10 6L8.59 7.41 13.17 12l-4.58 4.59L10 18l6-6z"
      />
    </svg>
  </a>
  <a
    className="sc-bwzfXH eevfLr"
    href="/customer_apis/"
    level={1}
    onClick={[Function]}
    title="Customer API"
  >
    <span
      className="sc-htpNat eqFeY"
    >
      Customer API
    </span>
    <svg
      className="sc-bdVaJa jjLnhl"
      fill="currentColor"
      height="1em"
      stroke="currentColor"
      strokeWidth="0"
      style={
        Object {
          "color": undefined,
        }
      }
      viewBox="0 0 24 24"
      width="1em"
      xmlns="http://www.w3.org/2000/svg"
    >
      <path
        d="M10 6L8.59 7.41 13.17 12l-4.58 4.59L10 18l6-6z"
      />
    </svg>
  </a>
</div>
`;
